type octile
height 40
width 40
map
@@@@@@@@@@@@@@@@@@@@@.................@@
@M.....................................@
@MM..............@@@...................@
@@@@@SS@@@@@@...@@@@...................@
@@@@@@@@@@@@FF..@@@@...................@
@@@@@@@@@@@@@@@@@@@@...................@
@@@@@@@................................@
@@@@@@@................................@
@@@@@@@.............@@@@...............@
@@@@@@@..............@@................@
@@@@@@@................................@
@@@@@@@................................@
@@@@@@@................................@
@@@@@@@................................@
@@@@@@@...............................@@
@@@@@@@.@............@@@.............@@@
@@@@@@@.............@@@@@............@@@
@@@@@@@..............@@@@@...........@@@
@@@@@@@.@.............HHH............@@@
@@@@@@@.@@............................@@
@@@@@@@................................@
@@@@@@@................................@
@@@@@@@................................@
@@@@@@@................................@
@@@@@@@..................@@@@@.........@
@@@@@@@................S@@@@@S.........@
@@@@@@W..................@@@@@@@.......@
@@@@@@.................................@
@MM....................................@
@......................................@
@.............@@@@@....................@
@...........@@@@WW.....................@
......................................@@
.........................WWW@@@@@@@@@@@@
.........................@@@@@@@@@@@@@@@
...........@.........MM@@@@@@@@@@@@@@@@@
...........@@@@@@@@@@@@@@@@@@@@@@@@@@@@@
...........@@@@@@@@@@@@@@@@@@@@@@@@@@@@@
............@@@@@@@@@@@@@@@@@@@@@@@@@@@@
@@.........@@@@@@@@@@@@@@@@@@@@@@@@@@@@@